// Jest Snapshot v1, https://goo.gl/fbAQLP

exports[`Generated files are okay: fixtures/*/node_modules/** 1`] = `Array []`;
