// Jest Snapshot v1, https://goo.gl/fbAQLP

exports[`"graphql-let" command generates number of .d.ts ignoring specified files as expected
* ignoring "!" paths in "schema" and "documents" of graphql-let.yml
* ignoring files specified in .gitignore
: __generated__/pages/viewer.graphql.tsx 1`] = `
"/* c4ffa0d4a98b9173e641f88cb713cbbaa35a8692
 * This file is automatically generated by graphql-let. */

import gql from 'graphql-tag';
import * as React from 'react';
import * as ApolloReactCommon from '@apollo/react-common';
import * as ApolloReactComponents from '@apollo/react-components';
import * as ApolloReactHooks from '@apollo/react-hooks';
export type Maybe<T> = T | null;
export type Exact<T extends { [key: string]: unknown }> = { [K in keyof T]: T[K] };
export type Omit<T, K extends keyof T> = Pick<T, Exclude<keyof T, K>>;
/** All built-in and custom scalars, mapped to their actual values */
export type Scalars = {
  ID: string;
  String: string;
  Boolean: boolean;
  Int: number;
  Float: number;
};

export type Query = {
  __typename?: 'Query';
  viewer?: Maybe<User>;
};

export type User = {
  __typename?: 'User';
  id: Scalars['ID'];
  name: Scalars['String'];
  status: Scalars['String'];
};

export type ViewerQueryVariables = Exact<{ [key: string]: never; }>;


export type ViewerQuery = (
  { __typename?: 'Query' }
  & { viewer?: Maybe<(
    { __typename?: 'User' }
    & Pick<User, 'id' | 'name' | 'status'>
  )> }
);


export const ViewerDocument = gql\`
    query Viewer {
  viewer {
    id
    name
    status
  }
}
    \`;
export type ViewerComponentProps = Omit<ApolloReactComponents.QueryComponentOptions<ViewerQuery, ViewerQueryVariables>, 'query'>;

    export const ViewerComponent = (props: ViewerComponentProps) => (
      <ApolloReactComponents.Query<ViewerQuery, ViewerQueryVariables> query={ViewerDocument} {...props} />
    );
    

/**
 * __useViewerQuery__
 *
 * To run a query within a React component, call \`useViewerQuery\` and pass it any options that fit your needs.
 * When your component renders, \`useViewerQuery\` returns an object from Apollo Client that contains loading, error, and data properties
 * you can use to render your UI.
 *
 * @param baseOptions options that will be passed into the query, supported options are listed on: https://www.apollographql.com/docs/react/api/react-hooks/#options;
 *
 * @example
 * const { data, loading, error } = useViewerQuery({
 *   variables: {
 *   },
 * });
 */
export function useViewerQuery(baseOptions?: ApolloReactHooks.QueryHookOptions<ViewerQuery, ViewerQueryVariables>) {
        return ApolloReactHooks.useQuery<ViewerQuery, ViewerQueryVariables>(ViewerDocument, baseOptions);
      }
export function useViewerLazyQuery(baseOptions?: ApolloReactHooks.LazyQueryHookOptions<ViewerQuery, ViewerQueryVariables>) {
          return ApolloReactHooks.useLazyQuery<ViewerQuery, ViewerQueryVariables>(ViewerDocument, baseOptions);
        }
export type ViewerQueryHookResult = ReturnType<typeof useViewerQuery>;
export type ViewerLazyQueryHookResult = ReturnType<typeof useViewerLazyQuery>;
export type ViewerQueryResult = ApolloReactCommon.QueryResult<ViewerQuery, ViewerQueryVariables>;"
`;

exports[`"graphql-let" command generates number of .d.ts ignoring specified files as expected
* ignoring "!" paths in "schema" and "documents" of graphql-let.yml
* ignoring files specified in .gitignore
: __generated__/pages/viewer2.graphql.tsx 1`] = `
"/* b2463a5b834ec0328b95dd554ca377c66498827e
 * This file is automatically generated by graphql-let. */

import gql from 'graphql-tag';
import * as React from 'react';
import * as ApolloReactCommon from '@apollo/react-common';
import * as ApolloReactComponents from '@apollo/react-components';
import * as ApolloReactHooks from '@apollo/react-hooks';
export type Maybe<T> = T | null;
export type Exact<T extends { [key: string]: unknown }> = { [K in keyof T]: T[K] };
export type Omit<T, K extends keyof T> = Pick<T, Exclude<keyof T, K>>;
/** All built-in and custom scalars, mapped to their actual values */
export type Scalars = {
  ID: string;
  String: string;
  Boolean: boolean;
  Int: number;
  Float: number;
};

export type Query = {
  __typename?: 'Query';
  viewer?: Maybe<User>;
};

export type User = {
  __typename?: 'User';
  id: Scalars['ID'];
  name: Scalars['String'];
  status: Scalars['String'];
};

export type Viewer2QueryVariables = Exact<{ [key: string]: never; }>;


export type Viewer2Query = (
  { __typename?: 'Query' }
  & { viewer?: Maybe<(
    { __typename?: 'User' }
    & Pick<User, 'id' | 'name' | 'status'>
  )> }
);


export const Viewer2Document = gql\`
    query Viewer2 {
  viewer {
    id
    name
    status
  }
}
    \`;
export type Viewer2ComponentProps = Omit<ApolloReactComponents.QueryComponentOptions<Viewer2Query, Viewer2QueryVariables>, 'query'>;

    export const Viewer2Component = (props: Viewer2ComponentProps) => (
      <ApolloReactComponents.Query<Viewer2Query, Viewer2QueryVariables> query={Viewer2Document} {...props} />
    );
    

/**
 * __useViewer2Query__
 *
 * To run a query within a React component, call \`useViewer2Query\` and pass it any options that fit your needs.
 * When your component renders, \`useViewer2Query\` returns an object from Apollo Client that contains loading, error, and data properties
 * you can use to render your UI.
 *
 * @param baseOptions options that will be passed into the query, supported options are listed on: https://www.apollographql.com/docs/react/api/react-hooks/#options;
 *
 * @example
 * const { data, loading, error } = useViewer2Query({
 *   variables: {
 *   },
 * });
 */
export function useViewer2Query(baseOptions?: ApolloReactHooks.QueryHookOptions<Viewer2Query, Viewer2QueryVariables>) {
        return ApolloReactHooks.useQuery<Viewer2Query, Viewer2QueryVariables>(Viewer2Document, baseOptions);
      }
export function useViewer2LazyQuery(baseOptions?: ApolloReactHooks.LazyQueryHookOptions<Viewer2Query, Viewer2QueryVariables>) {
          return ApolloReactHooks.useLazyQuery<Viewer2Query, Viewer2QueryVariables>(Viewer2Document, baseOptions);
        }
export type Viewer2QueryHookResult = ReturnType<typeof useViewer2Query>;
export type Viewer2LazyQueryHookResult = ReturnType<typeof useViewer2LazyQuery>;
export type Viewer2QueryResult = ApolloReactCommon.QueryResult<Viewer2Query, Viewer2QueryVariables>;"
`;

exports[`"graphql-let" command generates number of .d.ts ignoring specified files as expected
* ignoring "!" paths in "schema" and "documents" of graphql-let.yml
* ignoring files specified in .gitignore
: __generated__/schema/type-defs.graphqls.tsx 1`] = `
"/* 14d70566f4d02e53323ea8c820b4a3edeecc4672
 * This file is automatically generated by graphql-let. */

import { GraphQLResolveInfo } from 'graphql';
export type Maybe<T> = T | null;
export type Exact<T extends { [key: string]: unknown }> = { [K in keyof T]: T[K] };
/** All built-in and custom scalars, mapped to their actual values */
export type Scalars = {
  ID: string;
  String: string;
  Boolean: boolean;
  Int: number;
  Float: number;
};

export type Query = {
  __typename?: 'Query';
  viewer?: Maybe<User>;
};

export type User = {
  __typename?: 'User';
  id: Scalars['ID'];
  name: Scalars['String'];
  status: Scalars['String'];
};

export type WithIndex<TObject> = TObject & Record<string, any>;
export type ResolversObject<TObject> = WithIndex<TObject>;

export type ResolverTypeWrapper<T> = Promise<T> | T;


export type LegacyStitchingResolver<TResult, TParent, TContext, TArgs> = {
  fragment: string;
  resolve: ResolverFn<TResult, TParent, TContext, TArgs>;
};

export type NewStitchingResolver<TResult, TParent, TContext, TArgs> = {
  selectionSet: string;
  resolve: ResolverFn<TResult, TParent, TContext, TArgs>;
};
export type StitchingResolver<TResult, TParent, TContext, TArgs> = LegacyStitchingResolver<TResult, TParent, TContext, TArgs> | NewStitchingResolver<TResult, TParent, TContext, TArgs>;
export type Resolver<TResult, TParent = {}, TContext = {}, TArgs = {}> =
  | ResolverFn<TResult, TParent, TContext, TArgs>
  | StitchingResolver<TResult, TParent, TContext, TArgs>;

export type ResolverFn<TResult, TParent, TContext, TArgs> = (
  parent: TParent,
  args: TArgs,
  context: TContext,
  info: GraphQLResolveInfo
) => Promise<TResult> | TResult;

export type SubscriptionSubscribeFn<TResult, TParent, TContext, TArgs> = (
  parent: TParent,
  args: TArgs,
  context: TContext,
  info: GraphQLResolveInfo
) => AsyncIterator<TResult> | Promise<AsyncIterator<TResult>>;

export type SubscriptionResolveFn<TResult, TParent, TContext, TArgs> = (
  parent: TParent,
  args: TArgs,
  context: TContext,
  info: GraphQLResolveInfo
) => TResult | Promise<TResult>;

export interface SubscriptionSubscriberObject<TResult, TKey extends string, TParent, TContext, TArgs> {
  subscribe: SubscriptionSubscribeFn<{ [key in TKey]: TResult }, TParent, TContext, TArgs>;
  resolve?: SubscriptionResolveFn<TResult, { [key in TKey]: TResult }, TContext, TArgs>;
}

export interface SubscriptionResolverObject<TResult, TParent, TContext, TArgs> {
  subscribe: SubscriptionSubscribeFn<any, TParent, TContext, TArgs>;
  resolve: SubscriptionResolveFn<TResult, any, TContext, TArgs>;
}

export type SubscriptionObject<TResult, TKey extends string, TParent, TContext, TArgs> =
  | SubscriptionSubscriberObject<TResult, TKey, TParent, TContext, TArgs>
  | SubscriptionResolverObject<TResult, TParent, TContext, TArgs>;

export type SubscriptionResolver<TResult, TKey extends string, TParent = {}, TContext = {}, TArgs = {}> =
  | ((...args: any[]) => SubscriptionObject<TResult, TKey, TParent, TContext, TArgs>)
  | SubscriptionObject<TResult, TKey, TParent, TContext, TArgs>;

export type TypeResolveFn<TTypes, TParent = {}, TContext = {}> = (
  parent: TParent,
  context: TContext,
  info: GraphQLResolveInfo
) => Maybe<TTypes> | Promise<Maybe<TTypes>>;

export type IsTypeOfResolverFn<T = {}> = (obj: T, info: GraphQLResolveInfo) => boolean | Promise<boolean>;

export type NextResolverFn<T> = () => Promise<T>;

export type DirectiveResolverFn<TResult = {}, TParent = {}, TContext = {}, TArgs = {}> = (
  next: NextResolverFn<TResult>,
  parent: TParent,
  args: TArgs,
  context: TContext,
  info: GraphQLResolveInfo
) => TResult | Promise<TResult>;

/** Mapping between all available schema types and the resolvers types */
export type ResolversTypes = ResolversObject<{
  Query: ResolverTypeWrapper<{}>;
  User: ResolverTypeWrapper<User>;
  ID: ResolverTypeWrapper<Scalars['ID']>;
  String: ResolverTypeWrapper<Scalars['String']>;
  Boolean: ResolverTypeWrapper<Scalars['Boolean']>;
}>;

/** Mapping between all available schema types and the resolvers parents */
export type ResolversParentTypes = ResolversObject<{
  Query: {};
  User: User;
  ID: Scalars['ID'];
  String: Scalars['String'];
  Boolean: Scalars['Boolean'];
}>;

export type QueryResolvers<ContextType = any, ParentType extends ResolversParentTypes['Query'] = ResolversParentTypes['Query']> = ResolversObject<{
  viewer?: Resolver<Maybe<ResolversTypes['User']>, ParentType, ContextType>;
}>;

export type UserResolvers<ContextType = any, ParentType extends ResolversParentTypes['User'] = ResolversParentTypes['User']> = ResolversObject<{
  id?: Resolver<ResolversTypes['ID'], ParentType, ContextType>;
  name?: Resolver<ResolversTypes['String'], ParentType, ContextType>;
  status?: Resolver<ResolversTypes['String'], ParentType, ContextType>;
  __isTypeOf?: IsTypeOfResolverFn<ParentType>;
}>;

export type Resolvers<ContextType = any> = ResolversObject<{
  Query?: QueryResolvers<ContextType>;
  User?: UserResolvers<ContextType>;
}>;


/**
 * @deprecated
 * Use \\"Resolvers\\" root object instead. If you wish to get \\"IResolvers\\", add \\"typesPrefix: I\\" to your config.
 */
export type IResolvers<ContextType = any> = Resolvers<ContextType>;
"
`;

exports[`"graphql-let" command generates number of .d.ts ignoring specified files as expected
* ignoring "!" paths in "schema" and "documents" of graphql-let.yml
* ignoring files specified in .gitignore
: pages/viewer.graphql.d.ts 1`] = `
"/* c4ffa0d4a98b9173e641f88cb713cbbaa35a8692
 * This file is automatically generated by graphql-let. */

/// <reference types=\\"react\\" />
import * as ApolloReactCommon from '@apollo/react-common';
import * as ApolloReactComponents from '@apollo/react-components';
import * as ApolloReactHooks from '@apollo/react-hooks';
export declare type Maybe<T> = T | null;
export declare type Exact<T extends {
    [key: string]: unknown;
}> = {
    [K in keyof T]: T[K];
};
export declare type Omit<T, K extends keyof T> = Pick<T, Exclude<keyof T, K>>;
/** All built-in and custom scalars, mapped to their actual values */
export declare type Scalars = {
    ID: string;
    String: string;
    Boolean: boolean;
    Int: number;
    Float: number;
};
export declare type Query = {
    __typename?: 'Query';
    viewer?: Maybe<User>;
};
export declare type User = {
    __typename?: 'User';
    id: Scalars['ID'];
    name: Scalars['String'];
    status: Scalars['String'];
};
export declare type ViewerQueryVariables = Exact<{
    [key: string]: never;
}>;
export declare type ViewerQuery = ({
    __typename?: 'Query';
} & {
    viewer?: Maybe<({
        __typename?: 'User';
    } & Pick<User, 'id' | 'name' | 'status'>)>;
});
export declare const ViewerDocument: import(\\"graphql\\").DocumentNode;
export declare type ViewerComponentProps = Omit<ApolloReactComponents.QueryComponentOptions<ViewerQuery, ViewerQueryVariables>, 'query'>;
export declare const ViewerComponent: (props: ViewerComponentProps) => JSX.Element;
/**
 * __useViewerQuery__
 *
 * To run a query within a React component, call \`useViewerQuery\` and pass it any options that fit your needs.
 * When your component renders, \`useViewerQuery\` returns an object from Apollo Client that contains loading, error, and data properties
 * you can use to render your UI.
 *
 * @param baseOptions options that will be passed into the query, supported options are listed on: https://www.apollographql.com/docs/react/api/react-hooks/#options;
 *
 * @example
 * const { data, loading, error } = useViewerQuery({
 *   variables: {
 *   },
 * });
 */
export declare function useViewerQuery(baseOptions?: ApolloReactHooks.QueryHookOptions<ViewerQuery, ViewerQueryVariables>): ApolloReactCommon.QueryResult<ViewerQuery, Exact<{
    [key: string]: never;
}>>;
export declare function useViewerLazyQuery(baseOptions?: ApolloReactHooks.LazyQueryHookOptions<ViewerQuery, ViewerQueryVariables>): ApolloReactHooks.QueryTuple<ViewerQuery, Exact<{
    [key: string]: never;
}>>;
export declare type ViewerQueryHookResult = ReturnType<typeof useViewerQuery>;
export declare type ViewerLazyQueryHookResult = ReturnType<typeof useViewerLazyQuery>;
export declare type ViewerQueryResult = ApolloReactCommon.QueryResult<ViewerQuery, ViewerQueryVariables>;
"
`;

exports[`"graphql-let" command generates number of .d.ts ignoring specified files as expected
* ignoring "!" paths in "schema" and "documents" of graphql-let.yml
* ignoring files specified in .gitignore
: pages/viewer2.graphql.d.ts 1`] = `
"/* b2463a5b834ec0328b95dd554ca377c66498827e
 * This file is automatically generated by graphql-let. */

/// <reference types=\\"react\\" />
import * as ApolloReactCommon from '@apollo/react-common';
import * as ApolloReactComponents from '@apollo/react-components';
import * as ApolloReactHooks from '@apollo/react-hooks';
export declare type Maybe<T> = T | null;
export declare type Exact<T extends {
    [key: string]: unknown;
}> = {
    [K in keyof T]: T[K];
};
export declare type Omit<T, K extends keyof T> = Pick<T, Exclude<keyof T, K>>;
/** All built-in and custom scalars, mapped to their actual values */
export declare type Scalars = {
    ID: string;
    String: string;
    Boolean: boolean;
    Int: number;
    Float: number;
};
export declare type Query = {
    __typename?: 'Query';
    viewer?: Maybe<User>;
};
export declare type User = {
    __typename?: 'User';
    id: Scalars['ID'];
    name: Scalars['String'];
    status: Scalars['String'];
};
export declare type Viewer2QueryVariables = Exact<{
    [key: string]: never;
}>;
export declare type Viewer2Query = ({
    __typename?: 'Query';
} & {
    viewer?: Maybe<({
        __typename?: 'User';
    } & Pick<User, 'id' | 'name' | 'status'>)>;
});
export declare const Viewer2Document: import(\\"graphql\\").DocumentNode;
export declare type Viewer2ComponentProps = Omit<ApolloReactComponents.QueryComponentOptions<Viewer2Query, Viewer2QueryVariables>, 'query'>;
export declare const Viewer2Component: (props: Viewer2ComponentProps) => JSX.Element;
/**
 * __useViewer2Query__
 *
 * To run a query within a React component, call \`useViewer2Query\` and pass it any options that fit your needs.
 * When your component renders, \`useViewer2Query\` returns an object from Apollo Client that contains loading, error, and data properties
 * you can use to render your UI.
 *
 * @param baseOptions options that will be passed into the query, supported options are listed on: https://www.apollographql.com/docs/react/api/react-hooks/#options;
 *
 * @example
 * const { data, loading, error } = useViewer2Query({
 *   variables: {
 *   },
 * });
 */
export declare function useViewer2Query(baseOptions?: ApolloReactHooks.QueryHookOptions<Viewer2Query, Viewer2QueryVariables>): ApolloReactCommon.QueryResult<Viewer2Query, Exact<{
    [key: string]: never;
}>>;
export declare function useViewer2LazyQuery(baseOptions?: ApolloReactHooks.LazyQueryHookOptions<Viewer2Query, Viewer2QueryVariables>): ApolloReactHooks.QueryTuple<Viewer2Query, Exact<{
    [key: string]: never;
}>>;
export declare type Viewer2QueryHookResult = ReturnType<typeof useViewer2Query>;
export declare type Viewer2LazyQueryHookResult = ReturnType<typeof useViewer2LazyQuery>;
export declare type Viewer2QueryResult = ApolloReactCommon.QueryResult<Viewer2Query, Viewer2QueryVariables>;
"
`;

exports[`"graphql-let" command generates number of .d.ts ignoring specified files as expected
* ignoring "!" paths in "schema" and "documents" of graphql-let.yml
* ignoring files specified in .gitignore
: schema/type-defs.graphqls.d.ts 1`] = `
"/* 14d70566f4d02e53323ea8c820b4a3edeecc4672
 * This file is automatically generated by graphql-let. */

import { GraphQLResolveInfo } from 'graphql';
export declare type Maybe<T> = T | null;
export declare type Exact<T extends {
    [key: string]: unknown;
}> = {
    [K in keyof T]: T[K];
};
/** All built-in and custom scalars, mapped to their actual values */
export declare type Scalars = {
    ID: string;
    String: string;
    Boolean: boolean;
    Int: number;
    Float: number;
};
export declare type Query = {
    __typename?: 'Query';
    viewer?: Maybe<User>;
};
export declare type User = {
    __typename?: 'User';
    id: Scalars['ID'];
    name: Scalars['String'];
    status: Scalars['String'];
};
export declare type WithIndex<TObject> = TObject & Record<string, any>;
export declare type ResolversObject<TObject> = WithIndex<TObject>;
export declare type ResolverTypeWrapper<T> = Promise<T> | T;
export declare type LegacyStitchingResolver<TResult, TParent, TContext, TArgs> = {
    fragment: string;
    resolve: ResolverFn<TResult, TParent, TContext, TArgs>;
};
export declare type NewStitchingResolver<TResult, TParent, TContext, TArgs> = {
    selectionSet: string;
    resolve: ResolverFn<TResult, TParent, TContext, TArgs>;
};
export declare type StitchingResolver<TResult, TParent, TContext, TArgs> = LegacyStitchingResolver<TResult, TParent, TContext, TArgs> | NewStitchingResolver<TResult, TParent, TContext, TArgs>;
export declare type Resolver<TResult, TParent = {}, TContext = {}, TArgs = {}> = ResolverFn<TResult, TParent, TContext, TArgs> | StitchingResolver<TResult, TParent, TContext, TArgs>;
export declare type ResolverFn<TResult, TParent, TContext, TArgs> = (parent: TParent, args: TArgs, context: TContext, info: GraphQLResolveInfo) => Promise<TResult> | TResult;
export declare type SubscriptionSubscribeFn<TResult, TParent, TContext, TArgs> = (parent: TParent, args: TArgs, context: TContext, info: GraphQLResolveInfo) => AsyncIterator<TResult> | Promise<AsyncIterator<TResult>>;
export declare type SubscriptionResolveFn<TResult, TParent, TContext, TArgs> = (parent: TParent, args: TArgs, context: TContext, info: GraphQLResolveInfo) => TResult | Promise<TResult>;
export interface SubscriptionSubscriberObject<TResult, TKey extends string, TParent, TContext, TArgs> {
    subscribe: SubscriptionSubscribeFn<{
        [key in TKey]: TResult;
    }, TParent, TContext, TArgs>;
    resolve?: SubscriptionResolveFn<TResult, {
        [key in TKey]: TResult;
    }, TContext, TArgs>;
}
export interface SubscriptionResolverObject<TResult, TParent, TContext, TArgs> {
    subscribe: SubscriptionSubscribeFn<any, TParent, TContext, TArgs>;
    resolve: SubscriptionResolveFn<TResult, any, TContext, TArgs>;
}
export declare type SubscriptionObject<TResult, TKey extends string, TParent, TContext, TArgs> = SubscriptionSubscriberObject<TResult, TKey, TParent, TContext, TArgs> | SubscriptionResolverObject<TResult, TParent, TContext, TArgs>;
export declare type SubscriptionResolver<TResult, TKey extends string, TParent = {}, TContext = {}, TArgs = {}> = ((...args: any[]) => SubscriptionObject<TResult, TKey, TParent, TContext, TArgs>) | SubscriptionObject<TResult, TKey, TParent, TContext, TArgs>;
export declare type TypeResolveFn<TTypes, TParent = {}, TContext = {}> = (parent: TParent, context: TContext, info: GraphQLResolveInfo) => Maybe<TTypes> | Promise<Maybe<TTypes>>;
export declare type IsTypeOfResolverFn<T = {}> = (obj: T, info: GraphQLResolveInfo) => boolean | Promise<boolean>;
export declare type NextResolverFn<T> = () => Promise<T>;
export declare type DirectiveResolverFn<TResult = {}, TParent = {}, TContext = {}, TArgs = {}> = (next: NextResolverFn<TResult>, parent: TParent, args: TArgs, context: TContext, info: GraphQLResolveInfo) => TResult | Promise<TResult>;
/** Mapping between all available schema types and the resolvers types */
export declare type ResolversTypes = ResolversObject<{
    Query: ResolverTypeWrapper<{}>;
    User: ResolverTypeWrapper<User>;
    ID: ResolverTypeWrapper<Scalars['ID']>;
    String: ResolverTypeWrapper<Scalars['String']>;
    Boolean: ResolverTypeWrapper<Scalars['Boolean']>;
}>;
/** Mapping between all available schema types and the resolvers parents */
export declare type ResolversParentTypes = ResolversObject<{
    Query: {};
    User: User;
    ID: Scalars['ID'];
    String: Scalars['String'];
    Boolean: Scalars['Boolean'];
}>;
export declare type QueryResolvers<ContextType = any, ParentType extends ResolversParentTypes['Query'] = ResolversParentTypes['Query']> = ResolversObject<{
    viewer?: Resolver<Maybe<ResolversTypes['User']>, ParentType, ContextType>;
}>;
export declare type UserResolvers<ContextType = any, ParentType extends ResolversParentTypes['User'] = ResolversParentTypes['User']> = ResolversObject<{
    id?: Resolver<ResolversTypes['ID'], ParentType, ContextType>;
    name?: Resolver<ResolversTypes['String'], ParentType, ContextType>;
    status?: Resolver<ResolversTypes['String'], ParentType, ContextType>;
    __isTypeOf?: IsTypeOfResolverFn<ParentType>;
}>;
export declare type Resolvers<ContextType = any> = ResolversObject<{
    Query?: QueryResolvers<ContextType>;
    User?: UserResolvers<ContextType>;
}>;
/**
 * @deprecated
 * Use \\"Resolvers\\" root object instead. If you wish to get \\"IResolvers\\", add \\"typesPrefix: I\\" to your config.
 */
export declare type IResolvers<ContextType = any> = Resolvers<ContextType>;

          
// This is an extra code in addition to what graphql-codegen makes.
// Users are likely to use 'graphql-tag/loader' with 'graphql-tag/schema/loader'
// in webpack. This code enables the result to be typed.
import { DocumentNode } from 'graphql'
export default typeof DocumentNode
"
`;

exports[`"graphql-let" command passes config to graphql-codegen as expected
* "useIndexSignature: true" in config effect to result having "WithIndex<TObject>" type
 1`] = `
"/* 14d70566f4d02e53323ea8c820b4a3edeecc4672
 * This file is automatically generated by graphql-let. */

import { GraphQLResolveInfo } from 'graphql';
export declare type Maybe<T> = T | null;
export declare type Exact<T extends {
    [key: string]: unknown;
}> = {
    [K in keyof T]: T[K];
};
/** All built-in and custom scalars, mapped to their actual values */
export declare type Scalars = {
    ID: string;
    String: string;
    Boolean: boolean;
    Int: number;
    Float: number;
};
export declare type Query = {
    __typename?: 'Query';
    viewer?: Maybe<User>;
};
export declare type User = {
    __typename?: 'User';
    id: Scalars['ID'];
    name: Scalars['String'];
    status: Scalars['String'];
};
export declare type WithIndex<TObject> = TObject & Record<string, any>;
export declare type ResolversObject<TObject> = WithIndex<TObject>;
export declare type ResolverTypeWrapper<T> = Promise<T> | T;
export declare type LegacyStitchingResolver<TResult, TParent, TContext, TArgs> = {
    fragment: string;
    resolve: ResolverFn<TResult, TParent, TContext, TArgs>;
};
export declare type NewStitchingResolver<TResult, TParent, TContext, TArgs> = {
    selectionSet: string;
    resolve: ResolverFn<TResult, TParent, TContext, TArgs>;
};
export declare type StitchingResolver<TResult, TParent, TContext, TArgs> = LegacyStitchingResolver<TResult, TParent, TContext, TArgs> | NewStitchingResolver<TResult, TParent, TContext, TArgs>;
export declare type Resolver<TResult, TParent = {}, TContext = {}, TArgs = {}> = ResolverFn<TResult, TParent, TContext, TArgs> | StitchingResolver<TResult, TParent, TContext, TArgs>;
export declare type ResolverFn<TResult, TParent, TContext, TArgs> = (parent: TParent, args: TArgs, context: TContext, info: GraphQLResolveInfo) => Promise<TResult> | TResult;
export declare type SubscriptionSubscribeFn<TResult, TParent, TContext, TArgs> = (parent: TParent, args: TArgs, context: TContext, info: GraphQLResolveInfo) => AsyncIterator<TResult> | Promise<AsyncIterator<TResult>>;
export declare type SubscriptionResolveFn<TResult, TParent, TContext, TArgs> = (parent: TParent, args: TArgs, context: TContext, info: GraphQLResolveInfo) => TResult | Promise<TResult>;
export interface SubscriptionSubscriberObject<TResult, TKey extends string, TParent, TContext, TArgs> {
    subscribe: SubscriptionSubscribeFn<{
        [key in TKey]: TResult;
    }, TParent, TContext, TArgs>;
    resolve?: SubscriptionResolveFn<TResult, {
        [key in TKey]: TResult;
    }, TContext, TArgs>;
}
export interface SubscriptionResolverObject<TResult, TParent, TContext, TArgs> {
    subscribe: SubscriptionSubscribeFn<any, TParent, TContext, TArgs>;
    resolve: SubscriptionResolveFn<TResult, any, TContext, TArgs>;
}
export declare type SubscriptionObject<TResult, TKey extends string, TParent, TContext, TArgs> = SubscriptionSubscriberObject<TResult, TKey, TParent, TContext, TArgs> | SubscriptionResolverObject<TResult, TParent, TContext, TArgs>;
export declare type SubscriptionResolver<TResult, TKey extends string, TParent = {}, TContext = {}, TArgs = {}> = ((...args: any[]) => SubscriptionObject<TResult, TKey, TParent, TContext, TArgs>) | SubscriptionObject<TResult, TKey, TParent, TContext, TArgs>;
export declare type TypeResolveFn<TTypes, TParent = {}, TContext = {}> = (parent: TParent, context: TContext, info: GraphQLResolveInfo) => Maybe<TTypes> | Promise<Maybe<TTypes>>;
export declare type IsTypeOfResolverFn<T = {}> = (obj: T, info: GraphQLResolveInfo) => boolean | Promise<boolean>;
export declare type NextResolverFn<T> = () => Promise<T>;
export declare type DirectiveResolverFn<TResult = {}, TParent = {}, TContext = {}, TArgs = {}> = (next: NextResolverFn<TResult>, parent: TParent, args: TArgs, context: TContext, info: GraphQLResolveInfo) => TResult | Promise<TResult>;
/** Mapping between all available schema types and the resolvers types */
export declare type ResolversTypes = ResolversObject<{
    Query: ResolverTypeWrapper<{}>;
    User: ResolverTypeWrapper<User>;
    ID: ResolverTypeWrapper<Scalars['ID']>;
    String: ResolverTypeWrapper<Scalars['String']>;
    Boolean: ResolverTypeWrapper<Scalars['Boolean']>;
}>;
/** Mapping between all available schema types and the resolvers parents */
export declare type ResolversParentTypes = ResolversObject<{
    Query: {};
    User: User;
    ID: Scalars['ID'];
    String: Scalars['String'];
    Boolean: Scalars['Boolean'];
}>;
export declare type QueryResolvers<ContextType = any, ParentType extends ResolversParentTypes['Query'] = ResolversParentTypes['Query']> = ResolversObject<{
    viewer?: Resolver<Maybe<ResolversTypes['User']>, ParentType, ContextType>;
}>;
export declare type UserResolvers<ContextType = any, ParentType extends ResolversParentTypes['User'] = ResolversParentTypes['User']> = ResolversObject<{
    id?: Resolver<ResolversTypes['ID'], ParentType, ContextType>;
    name?: Resolver<ResolversTypes['String'], ParentType, ContextType>;
    status?: Resolver<ResolversTypes['String'], ParentType, ContextType>;
    __isTypeOf?: IsTypeOfResolverFn<ParentType>;
}>;
export declare type Resolvers<ContextType = any> = ResolversObject<{
    Query?: QueryResolvers<ContextType>;
    User?: UserResolvers<ContextType>;
}>;
/**
 * @deprecated
 * Use \\"Resolvers\\" root object instead. If you wish to get \\"IResolvers\\", add \\"typesPrefix: I\\" to your config.
 */
export declare type IResolvers<ContextType = any> = Resolvers<ContextType>;

          
// This is an extra code in addition to what graphql-codegen makes.
// Users are likely to use 'graphql-tag/loader' with 'graphql-tag/schema/loader'
// in webpack. This code enables the result to be typed.
import { DocumentNode } from 'graphql'
export default typeof DocumentNode
"
`;
