// Jest Snapshot v1, https://goo.gl/fbAQLP

exports[`graphql-let/jestTransformer transforms .graphql 1`] = `
Object {
  "code": "\\"use strict\\";

function _typeof(obj) { \\"@babel/helpers - typeof\\"; if (typeof Symbol === \\"function\\" && typeof Symbol.iterator === \\"symbol\\") { _typeof = function _typeof(obj) { return typeof obj; }; } else { _typeof = function _typeof(obj) { return obj && typeof Symbol === \\"function\\" && obj.constructor === Symbol && obj !== Symbol.prototype ? \\"symbol\\" : typeof obj; }; } return _typeof(obj); }

Object.defineProperty(exports, \\"__esModule\\", {
  value: true
});
exports.useViewerQuery = useViewerQuery;
exports.useViewerLazyQuery = useViewerLazyQuery;
exports.ViewerDocument = void 0;

var Apollo = _interopRequireWildcard(require(\\"@apollo/client\\"));

function _getRequireWildcardCache() { if (typeof WeakMap !== \\"function\\") return null; var cache = new WeakMap(); _getRequireWildcardCache = function _getRequireWildcardCache() { return cache; }; return cache; }

function _interopRequireWildcard(obj) { if (obj && obj.__esModule) { return obj; } if (obj === null || _typeof(obj) !== \\"object\\" && typeof obj !== \\"function\\") { return { \\"default\\": obj }; } var cache = _getRequireWildcardCache(); if (cache && cache.has(obj)) { return cache.get(obj); } var newObj = {}; var hasPropertyDescriptor = Object.defineProperty && Object.getOwnPropertyDescriptor; for (var key in obj) { if (Object.prototype.hasOwnProperty.call(obj, key)) { var desc = hasPropertyDescriptor ? Object.getOwnPropertyDescriptor(obj, key) : null; if (desc && (desc.get || desc.set)) { Object.defineProperty(newObj, key, desc); } else { newObj[key] = obj[key]; } } } newObj[\\"default\\"] = obj; if (cache) { cache.set(obj, newObj); } return newObj; }

function _templateObject() {
  var data = _taggedTemplateLiteral([\\"\\\\n    query Viewer {\\\\n  viewer {\\\\n    id\\\\n    name\\\\n    status\\\\n  }\\\\n}\\\\n    \\"]);

  _templateObject = function _templateObject() {
    return data;
  };

  return data;
}

function _taggedTemplateLiteral(strings, raw) { if (!raw) { raw = strings.slice(0); } return Object.freeze(Object.defineProperties(strings, { raw: { value: Object.freeze(raw) } })); }

var gql = Apollo.gql;
/** All built-in and custom scalars, mapped to their actual values */

var ViewerDocument = gql(_templateObject());
/**
 * __useViewerQuery__
 *
 * To run a query within a React component, call \`useViewerQuery\` and pass it any options that fit your needs.
 * When your component renders, \`useViewerQuery\` returns an object from Apollo Client that contains loading, error, and data properties
 * you can use to render your UI.
 *
 * @param baseOptions options that will be passed into the query, supported options are listed on: https://www.apollographql.com/docs/react/api/react-hooks/#options;
 *
 * @example
 * const { data, loading, error } = useViewerQuery({
 *   variables: {
 *   },
 * });
 */

exports.ViewerDocument = ViewerDocument;

function useViewerQuery(baseOptions) {
  return Apollo.useQuery(ViewerDocument, baseOptions);
}

function useViewerLazyQuery(baseOptions) {
  return Apollo.useLazyQuery(ViewerDocument, baseOptions);
}
//# sourceMappingURL=data:application/json;charset=utf-8;base64,eyJ2ZXJzaW9uIjozLCJzb3VyY2VzIjpbInZpZXdlci5ncmFwaHFsLnRzeCJdLCJuYW1lcyI6WyJncWwiLCJBcG9sbG8iLCJWaWV3ZXJEb2N1bWVudCIsInVzZVZpZXdlclF1ZXJ5IiwiYmFzZU9wdGlvbnMiLCJ1c2VRdWVyeSIsInVzZVZpZXdlckxhenlRdWVyeSIsInVzZUxhenlRdWVyeSJdLCJtYXBwaW5ncyI6Ijs7Ozs7Ozs7Ozs7QUFHQTs7Ozs7Ozs7Ozs7Ozs7Ozs7O0FBR0EsSUFBTUEsR0FBRyxHQUFHQyxNQUFNLENBQUNELEdBQW5CO0FBQ0E7O0FBaUNPLElBQU1FLGNBQWMsR0FBR0YsR0FBSCxtQkFBcEI7QUFVUDs7Ozs7Ozs7Ozs7Ozs7Ozs7O0FBZU8sU0FBU0csY0FBVCxDQUF3QkMsV0FBeEIsRUFBa0c7QUFDakcsU0FBT0gsTUFBTSxDQUFDSSxRQUFQLENBQW1ESCxjQUFuRCxFQUFtRUUsV0FBbkUsQ0FBUDtBQUNEOztBQUNBLFNBQVNFLGtCQUFULENBQTRCRixXQUE1QixFQUEwRztBQUN2RyxTQUFPSCxNQUFNLENBQUNNLFlBQVAsQ0FBdURMLGNBQXZELEVBQXVFRSxXQUF2RSxDQUFQO0FBQ0QiLCJzb3VyY2VzQ29udGVudCI6WyIvKiA2NTE4MWZmOGNhNTAyZjhkY2RmODI4ZjAzZjkwYjdlMDQ4ZDNmNmE5XG4gKiBUaGlzIGZpbGUgaXMgYXV0b21hdGljYWxseSBnZW5lcmF0ZWQgYnkgZ3JhcGhxbC1sZXQuICovXG5cbmltcG9ydCAqIGFzIEFwb2xsbyBmcm9tICdAYXBvbGxvL2NsaWVudCc7XG5leHBvcnQgdHlwZSBNYXliZTxUPiA9IFQgfCBudWxsO1xuZXhwb3J0IHR5cGUgRXhhY3Q8VCBleHRlbmRzIHsgW2tleTogc3RyaW5nXTogdW5rbm93biB9PiA9IHsgW0sgaW4ga2V5b2YgVF06IFRbS10gfTtcbmNvbnN0IGdxbCA9IEFwb2xsby5ncWw7XG4vKiogQWxsIGJ1aWx0LWluIGFuZCBjdXN0b20gc2NhbGFycywgbWFwcGVkIHRvIHRoZWlyIGFjdHVhbCB2YWx1ZXMgKi9cbmV4cG9ydCB0eXBlIFNjYWxhcnMgPSB7XG4gIElEOiBzdHJpbmc7XG4gIFN0cmluZzogc3RyaW5nO1xuICBCb29sZWFuOiBib29sZWFuO1xuICBJbnQ6IG51bWJlcjtcbiAgRmxvYXQ6IG51bWJlcjtcbn07XG5cbmV4cG9ydCB0eXBlIFF1ZXJ5ID0ge1xuICBfX3R5cGVuYW1lPzogJ1F1ZXJ5JztcbiAgdmlld2VyPzogTWF5YmU8VXNlcj47XG59O1xuXG5leHBvcnQgdHlwZSBVc2VyID0ge1xuICBfX3R5cGVuYW1lPzogJ1VzZXInO1xuICBpZDogU2NhbGFyc1snSUQnXTtcbiAgbmFtZTogU2NhbGFyc1snU3RyaW5nJ107XG4gIHN0YXR1czogU2NhbGFyc1snU3RyaW5nJ107XG59O1xuXG5leHBvcnQgdHlwZSBWaWV3ZXJRdWVyeVZhcmlhYmxlcyA9IEV4YWN0PHsgW2tleTogc3RyaW5nXTogbmV2ZXI7IH0+O1xuXG5cbmV4cG9ydCB0eXBlIFZpZXdlclF1ZXJ5ID0gKFxuICB7IF9fdHlwZW5hbWU/OiAnUXVlcnknIH1cbiAgJiB7IHZpZXdlcj86IE1heWJlPChcbiAgICB7IF9fdHlwZW5hbWU/OiAnVXNlcicgfVxuICAgICYgUGljazxVc2VyLCAnaWQnIHwgJ25hbWUnIHwgJ3N0YXR1cyc+XG4gICk+IH1cbik7XG5cblxuZXhwb3J0IGNvbnN0IFZpZXdlckRvY3VtZW50ID0gZ3FsYFxuICAgIHF1ZXJ5IFZpZXdlciB7XG4gIHZpZXdlciB7XG4gICAgaWRcbiAgICBuYW1lXG4gICAgc3RhdHVzXG4gIH1cbn1cbiAgICBgO1xuXG4vKipcbiAqIF9fdXNlVmlld2VyUXVlcnlfX1xuICpcbiAqIFRvIHJ1biBhIHF1ZXJ5IHdpdGhpbiBhIFJlYWN0IGNvbXBvbmVudCwgY2FsbCBgdXNlVmlld2VyUXVlcnlgIGFuZCBwYXNzIGl0IGFueSBvcHRpb25zIHRoYXQgZml0IHlvdXIgbmVlZHMuXG4gKiBXaGVuIHlvdXIgY29tcG9uZW50IHJlbmRlcnMsIGB1c2VWaWV3ZXJRdWVyeWAgcmV0dXJucyBhbiBvYmplY3QgZnJvbSBBcG9sbG8gQ2xpZW50IHRoYXQgY29udGFpbnMgbG9hZGluZywgZXJyb3IsIGFuZCBkYXRhIHByb3BlcnRpZXNcbiAqIHlvdSBjYW4gdXNlIHRvIHJlbmRlciB5b3VyIFVJLlxuICpcbiAqIEBwYXJhbSBiYXNlT3B0aW9ucyBvcHRpb25zIHRoYXQgd2lsbCBiZSBwYXNzZWQgaW50byB0aGUgcXVlcnksIHN1cHBvcnRlZCBvcHRpb25zIGFyZSBsaXN0ZWQgb246IGh0dHBzOi8vd3d3LmFwb2xsb2dyYXBocWwuY29tL2RvY3MvcmVhY3QvYXBpL3JlYWN0LWhvb2tzLyNvcHRpb25zO1xuICpcbiAqIEBleGFtcGxlXG4gKiBjb25zdCB7IGRhdGEsIGxvYWRpbmcsIGVycm9yIH0gPSB1c2VWaWV3ZXJRdWVyeSh7XG4gKiAgIHZhcmlhYmxlczoge1xuICogICB9LFxuICogfSk7XG4gKi9cbmV4cG9ydCBmdW5jdGlvbiB1c2VWaWV3ZXJRdWVyeShiYXNlT3B0aW9ucz86IEFwb2xsby5RdWVyeUhvb2tPcHRpb25zPFZpZXdlclF1ZXJ5LCBWaWV3ZXJRdWVyeVZhcmlhYmxlcz4pIHtcbiAgICAgICAgcmV0dXJuIEFwb2xsby51c2VRdWVyeTxWaWV3ZXJRdWVyeSwgVmlld2VyUXVlcnlWYXJpYWJsZXM+KFZpZXdlckRvY3VtZW50LCBiYXNlT3B0aW9ucyk7XG4gICAgICB9XG5leHBvcnQgZnVuY3Rpb24gdXNlVmlld2VyTGF6eVF1ZXJ5KGJhc2VPcHRpb25zPzogQXBvbGxvLkxhenlRdWVyeUhvb2tPcHRpb25zPFZpZXdlclF1ZXJ5LCBWaWV3ZXJRdWVyeVZhcmlhYmxlcz4pIHtcbiAgICAgICAgICByZXR1cm4gQXBvbGxvLnVzZUxhenlRdWVyeTxWaWV3ZXJRdWVyeSwgVmlld2VyUXVlcnlWYXJpYWJsZXM+KFZpZXdlckRvY3VtZW50LCBiYXNlT3B0aW9ucyk7XG4gICAgICAgIH1cbmV4cG9ydCB0eXBlIFZpZXdlclF1ZXJ5SG9va1Jlc3VsdCA9IFJldHVyblR5cGU8dHlwZW9mIHVzZVZpZXdlclF1ZXJ5PjtcbmV4cG9ydCB0eXBlIFZpZXdlckxhenlRdWVyeUhvb2tSZXN1bHQgPSBSZXR1cm5UeXBlPHR5cGVvZiB1c2VWaWV3ZXJMYXp5UXVlcnk+O1xuZXhwb3J0IHR5cGUgVmlld2VyUXVlcnlSZXN1bHQgPSBBcG9sbG8uUXVlcnlSZXN1bHQ8Vmlld2VyUXVlcnksIFZpZXdlclF1ZXJ5VmFyaWFibGVzPjsiXX0=",
  "map": Object {
    "mappings": ";;;;;;;;;;;AAGA;;;;;;;;;;;;;;;;;;AAGA,IAAMA,GAAG,GAAGC,MAAM,CAACD,GAAnB;AACA;;AAiCO,IAAME,cAAc,GAAGF,GAAH,mBAApB;AAUP;;;;;;;;;;;;;;;;;;AAeO,SAASG,cAAT,CAAwBC,WAAxB,EAAkG;AACjG,SAAOH,MAAM,CAACI,QAAP,CAAmDH,cAAnD,EAAmEE,WAAnE,CAAP;AACD;;AACA,SAASE,kBAAT,CAA4BF,WAA5B,EAA0G;AACvG,SAAOH,MAAM,CAACM,YAAP,CAAuDL,cAAvD,EAAuEE,WAAvE,CAAP;AACD",
    "names": Array [
      "gql",
      "Apollo",
      "ViewerDocument",
      "useViewerQuery",
      "baseOptions",
      "useQuery",
      "useViewerLazyQuery",
      "useLazyQuery",
    ],
    "sources": Array [
      "viewer.graphql.tsx",
    ],
    "sourcesContent": Array [
      "/* 65181ff8ca502f8dcdf828f03f90b7e048d3f6a9
 * This file is automatically generated by graphql-let. */

import * as Apollo from '@apollo/client';
export type Maybe<T> = T | null;
export type Exact<T extends { [key: string]: unknown }> = { [K in keyof T]: T[K] };
const gql = Apollo.gql;
/** All built-in and custom scalars, mapped to their actual values */
export type Scalars = {
  ID: string;
  String: string;
  Boolean: boolean;
  Int: number;
  Float: number;
};

export type Query = {
  __typename?: 'Query';
  viewer?: Maybe<User>;
};

export type User = {
  __typename?: 'User';
  id: Scalars['ID'];
  name: Scalars['String'];
  status: Scalars['String'];
};

export type ViewerQueryVariables = Exact<{ [key: string]: never; }>;


export type ViewerQuery = (
  { __typename?: 'Query' }
  & { viewer?: Maybe<(
    { __typename?: 'User' }
    & Pick<User, 'id' | 'name' | 'status'>
  )> }
);


export const ViewerDocument = gql\`
    query Viewer {
  viewer {
    id
    name
    status
  }
}
    \`;

/**
 * __useViewerQuery__
 *
 * To run a query within a React component, call \`useViewerQuery\` and pass it any options that fit your needs.
 * When your component renders, \`useViewerQuery\` returns an object from Apollo Client that contains loading, error, and data properties
 * you can use to render your UI.
 *
 * @param baseOptions options that will be passed into the query, supported options are listed on: https://www.apollographql.com/docs/react/api/react-hooks/#options;
 *
 * @example
 * const { data, loading, error } = useViewerQuery({
 *   variables: {
 *   },
 * });
 */
export function useViewerQuery(baseOptions?: Apollo.QueryHookOptions<ViewerQuery, ViewerQueryVariables>) {
        return Apollo.useQuery<ViewerQuery, ViewerQueryVariables>(ViewerDocument, baseOptions);
      }
export function useViewerLazyQuery(baseOptions?: Apollo.LazyQueryHookOptions<ViewerQuery, ViewerQueryVariables>) {
          return Apollo.useLazyQuery<ViewerQuery, ViewerQueryVariables>(ViewerDocument, baseOptions);
        }
export type ViewerQueryHookResult = ReturnType<typeof useViewerQuery>;
export type ViewerLazyQueryHookResult = ReturnType<typeof useViewerLazyQuery>;
export type ViewerQueryResult = Apollo.QueryResult<ViewerQuery, ViewerQueryVariables>;",
    ],
    "version": 3,
  },
}
`;
