// Jest Snapshot v1, https://goo.gl/fbAQLP

exports[`graphql-let/loader generates .tsx and .d.ts 1`] = `
"function _extends() { _extends = Object.assign || function (target) { for (var i = 1; i < arguments.length; i++) { var source = arguments[i]; for (var key in source) { if (Object.prototype.hasOwnProperty.call(source, key)) { target[key] = source[key]; } } } return target; }; return _extends.apply(this, arguments); }

import gql from 'graphql-tag';
import * as React from 'react';
import * as ApolloReactComponents from '@apollo/react-components';
import * as ApolloReactHooks from '@apollo/react-hooks';
export const ViewerDocument = gql\`
    query Viewer {
  viewer {
    id
    name
    status
  }
}
    \`;
export const ViewerComponent = props => /*#__PURE__*/React.createElement(ApolloReactComponents.Query, _extends({
  query: ViewerDocument
}, props));
/**
 * __useViewerQuery__
 *
 * To run a query within a React component, call \`useViewerQuery\` and pass it any options that fit your needs.
 * When your component renders, \`useViewerQuery\` returns an object from Apollo Client that contains loading, error, and data properties
 * you can use to render your UI.
 *
 * @param baseOptions options that will be passed into the query, supported options are listed on: https://www.apollographql.com/docs/react/api/react-hooks/#options;
 *
 * @example
 * const { data, loading, error } = useViewerQuery({
 *   variables: {
 *   },
 * });
 */

export function useViewerQuery(baseOptions) {
  return ApolloReactHooks.useQuery(ViewerDocument, baseOptions);
}
export function useViewerLazyQuery(baseOptions) {
  return ApolloReactHooks.useLazyQuery(ViewerDocument, baseOptions);
}"
`;
