// Jest Snapshot v1, https://goo.gl/fbAQLP

exports[`graphql-codegen.ts works: .cache 1`] = `
Array [
  ".cache/__types__.tsx",
  ".cache/pages/viewer.graphql.tsx",
]
`;

exports[`graphql-codegen.ts works: .cache/__types__.tsx 1`] = `
"/* 23fb52c1607ebd4cd39ac05bbd42809ef7dddb02
 * This file is automatically generated by graphql-let. */

import { GraphQLResolveInfo } from 'graphql';
export type Maybe<T> = T | null;
export type Exact<T extends { [key: string]: unknown }> = { [K in keyof T]: T[K] };
export type MakeOptional<T, K extends keyof T> = Omit<T, K> & { [SubKey in K]?: Maybe<T[SubKey]> };
export type MakeMaybe<T, K extends keyof T> = Omit<T, K> & { [SubKey in K]: Maybe<T[SubKey]> };
/** All built-in and custom scalars, mapped to their actual values */
export type Scalars = {
  ID: string;
  String: string;
  Boolean: boolean;
  Int: number;
  Float: number;
};

export type Query = {
  __typename?: 'Query';
  viewer?: Maybe<User>;
};

export type User = {
  __typename?: 'User';
  id: Scalars['ID'];
  name: Scalars['String'];
  status: Scalars['String'];
};

export type WithIndex<TObject> = TObject & Record<string, any>;
export type ResolversObject<TObject> = WithIndex<TObject>;

export type ResolverTypeWrapper<T> = Promise<T> | T;


export type LegacyStitchingResolver<TResult, TParent, TContext, TArgs> = {
  fragment: string;
  resolve: ResolverFn<TResult, TParent, TContext, TArgs>;
};

export type NewStitchingResolver<TResult, TParent, TContext, TArgs> = {
  selectionSet: string;
  resolve: ResolverFn<TResult, TParent, TContext, TArgs>;
};
export type StitchingResolver<TResult, TParent, TContext, TArgs> = LegacyStitchingResolver<TResult, TParent, TContext, TArgs> | NewStitchingResolver<TResult, TParent, TContext, TArgs>;
export type Resolver<TResult, TParent = {}, TContext = {}, TArgs = {}> =
  | ResolverFn<TResult, TParent, TContext, TArgs>
  | StitchingResolver<TResult, TParent, TContext, TArgs>;

export type ResolverFn<TResult, TParent, TContext, TArgs> = (
  parent: TParent,
  args: TArgs,
  context: TContext,
  info: GraphQLResolveInfo
) => Promise<TResult> | TResult;

export type SubscriptionSubscribeFn<TResult, TParent, TContext, TArgs> = (
  parent: TParent,
  args: TArgs,
  context: TContext,
  info: GraphQLResolveInfo
) => AsyncIterator<TResult> | Promise<AsyncIterator<TResult>>;

export type SubscriptionResolveFn<TResult, TParent, TContext, TArgs> = (
  parent: TParent,
  args: TArgs,
  context: TContext,
  info: GraphQLResolveInfo
) => TResult | Promise<TResult>;

export interface SubscriptionSubscriberObject<TResult, TKey extends string, TParent, TContext, TArgs> {
  subscribe: SubscriptionSubscribeFn<{ [key in TKey]: TResult }, TParent, TContext, TArgs>;
  resolve?: SubscriptionResolveFn<TResult, { [key in TKey]: TResult }, TContext, TArgs>;
}

export interface SubscriptionResolverObject<TResult, TParent, TContext, TArgs> {
  subscribe: SubscriptionSubscribeFn<any, TParent, TContext, TArgs>;
  resolve: SubscriptionResolveFn<TResult, any, TContext, TArgs>;
}

export type SubscriptionObject<TResult, TKey extends string, TParent, TContext, TArgs> =
  | SubscriptionSubscriberObject<TResult, TKey, TParent, TContext, TArgs>
  | SubscriptionResolverObject<TResult, TParent, TContext, TArgs>;

export type SubscriptionResolver<TResult, TKey extends string, TParent = {}, TContext = {}, TArgs = {}> =
  | ((...args: any[]) => SubscriptionObject<TResult, TKey, TParent, TContext, TArgs>)
  | SubscriptionObject<TResult, TKey, TParent, TContext, TArgs>;

export type TypeResolveFn<TTypes, TParent = {}, TContext = {}> = (
  parent: TParent,
  context: TContext,
  info: GraphQLResolveInfo
) => Maybe<TTypes> | Promise<Maybe<TTypes>>;

export type IsTypeOfResolverFn<T = {}, TContext = {}> = (obj: T, context: TContext, info: GraphQLResolveInfo) => boolean | Promise<boolean>;

export type NextResolverFn<T> = () => Promise<T>;

export type DirectiveResolverFn<TResult = {}, TParent = {}, TContext = {}, TArgs = {}> = (
  next: NextResolverFn<TResult>,
  parent: TParent,
  args: TArgs,
  context: TContext,
  info: GraphQLResolveInfo
) => TResult | Promise<TResult>;

/** Mapping between all available schema types and the resolvers types */
export type ResolversTypes = ResolversObject<{
  Query: ResolverTypeWrapper<{}>;
  User: ResolverTypeWrapper<User>;
  ID: ResolverTypeWrapper<Scalars['ID']>;
  String: ResolverTypeWrapper<Scalars['String']>;
  Boolean: ResolverTypeWrapper<Scalars['Boolean']>;
}>;

/** Mapping between all available schema types and the resolvers parents */
export type ResolversParentTypes = ResolversObject<{
  Query: {};
  User: User;
  ID: Scalars['ID'];
  String: Scalars['String'];
  Boolean: Scalars['Boolean'];
}>;

export type QueryResolvers<ContextType = any, ParentType extends ResolversParentTypes['Query'] = ResolversParentTypes['Query']> = ResolversObject<{
  viewer?: Resolver<Maybe<ResolversTypes['User']>, ParentType, ContextType>;
}>;

export type UserResolvers<ContextType = any, ParentType extends ResolversParentTypes['User'] = ResolversParentTypes['User']> = ResolversObject<{
  id?: Resolver<ResolversTypes['ID'], ParentType, ContextType>;
  name?: Resolver<ResolversTypes['String'], ParentType, ContextType>;
  status?: Resolver<ResolversTypes['String'], ParentType, ContextType>;
  __isTypeOf?: IsTypeOfResolverFn<ParentType, ContextType>;
}>;

export type Resolvers<ContextType = any> = ResolversObject<{
  Query?: QueryResolvers<ContextType>;
  User?: UserResolvers<ContextType>;
}>;


/**
 * @deprecated
 * Use \\"Resolvers\\" root object instead. If you wish to get \\"IResolvers\\", add \\"typesPrefix: I\\" to your config.
 */
export type IResolvers<ContextType = any> = Resolvers<ContextType>;
"
`;

exports[`graphql-codegen.ts works: .cache/pages/viewer.graphql.tsx 1`] = `
"/* xx
 * This file is automatically generated by graphql-let. */

import * as Types from '../__types__';

import { gql } from '@apollo/client';
import * as Apollo from '@apollo/client';
const defaultOptions =  {}
export type ViewerQueryVariables = Types.Exact<{ [key: string]: never; }>;


export type ViewerQuery = (
  { __typename?: 'Query' }
  & { viewer?: Types.Maybe<(
    { __typename?: 'User' }
    & Pick<Types.User, 'id' | 'name' | 'status'>
  )> }
);


export const ViewerDocument = gql\`
    query Viewer {
  viewer {
    id
    name
    status
  }
}
    \`;

/**
 * __useViewerQuery__
 *
 * To run a query within a React component, call \`useViewerQuery\` and pass it any options that fit your needs.
 * When your component renders, \`useViewerQuery\` returns an object from Apollo Client that contains loading, error, and data properties
 * you can use to render your UI.
 *
 * @param baseOptions options that will be passed into the query, supported options are listed on: https://www.apollographql.com/docs/react/api/react-hooks/#options;
 *
 * @example
 * const { data, loading, error } = useViewerQuery({
 *   variables: {
 *   },
 * });
 */
export function useViewerQuery(baseOptions?: Apollo.QueryHookOptions<ViewerQuery, ViewerQueryVariables>) {
        const options = {...defaultOptions, ...baseOptions}
        return Apollo.useQuery<ViewerQuery, ViewerQueryVariables>(ViewerDocument, options);
      }
export function useViewerLazyQuery(baseOptions?: Apollo.LazyQueryHookOptions<ViewerQuery, ViewerQueryVariables>) {
          const options = {...defaultOptions, ...baseOptions}
          return Apollo.useLazyQuery<ViewerQuery, ViewerQueryVariables>(ViewerDocument, options);
        }
export type ViewerQueryHookResult = ReturnType<typeof useViewerQuery>;
export type ViewerLazyQueryHookResult = ReturnType<typeof useViewerLazyQuery>;
export type ViewerQueryResult = Apollo.QueryResult<ViewerQuery, ViewerQueryVariables>;"
`;
