// Jest Snapshot v1, https://goo.gl/fbAQLP

exports[`graphql-let/loader generates .tsx and .d.ts 1`] = `
"/* 65181ff8ca502f8dcdf828f03f90b7e048d3f6a9
 * This file is automatically generated by graphql-let. */
import { gql } from '@apollo/client';
import * as Apollo from '@apollo/client';
export const ViewerDocument = gql\`
    query Viewer {
  viewer {
    id
    name
    status
  }
}
    \`;
/**
 * __useViewerQuery__
 *
 * To run a query within a React component, call \`useViewerQuery\` and pass it any options that fit your needs.
 * When your component renders, \`useViewerQuery\` returns an object from Apollo Client that contains loading, error, and data properties
 * you can use to render your UI.
 *
 * @param baseOptions options that will be passed into the query, supported options are listed on: https://www.apollographql.com/docs/react/api/react-hooks/#options;
 *
 * @example
 * const { data, loading, error } = useViewerQuery({
 *   variables: {
 *   },
 * });
 */

export function useViewerQuery(baseOptions) {
  return Apollo.useQuery(ViewerDocument, baseOptions);
}
export function useViewerLazyQuery(baseOptions) {
  return Apollo.useLazyQuery(ViewerDocument, baseOptions);
}"
`;

exports[`graphql-let/loader options accept absolute config path in options.configFile 2`] = `
"import { gql } from '@apollo/client';
import * as Apollo from '@apollo/client';
export const GetFruitsDocument = gql\`
    query GetFruits {
  fruits {
    id
    name
    flavor
  }
}
    \`;


export function useGetFruitsQuery(baseOptions) {
  return Apollo.useQuery(GetFruitsDocument, baseOptions);
}
export function useGetFruitsLazyQuery(baseOptions) {
  return Apollo.useLazyQuery(GetFruitsDocument, baseOptions);
}"
`;

exports[`graphql-let/loader options accept relative config path in options.configFile 2`] = `
"import { gql } from '@apollo/client';
import * as Apollo from '@apollo/client';
export const GetFruitsDocument = gql\`
    query GetFruits {
  fruits {
    id
    name
    flavor
  }
}
    \`;


export function useGetFruitsQuery(baseOptions) {
  return Apollo.useQuery(GetFruitsDocument, baseOptions);
}
export function useGetFruitsLazyQuery(baseOptions) {
  return Apollo.useLazyQuery(GetFruitsDocument, baseOptions);
}"
`;
