// Jest Snapshot v1, https://goo.gl/fbAQLP

exports[`gql-compile compiles: /Users/soichitakamura/IdeaProjects/graphql-let/test/__fixtures/gql-compile/node_modules/@types/graphql-let/pages/index-dd28f9c0ad11900a2654540e86de9cf9fc16f8b4.d.ts 1`] = `
"/// <reference types=\\"react\\" />
import * as ApolloReactCommon from '@apollo/react-common';
import * as ApolloReactComponents from '@apollo/react-components';
import * as ApolloReactHooks from '@apollo/react-hooks';
export declare type Maybe<T> = T | null;
export declare type Exact<T extends {
  [key: string]: any;
}> = { [K in keyof T]: T[K] };
export declare type Omit<T, K extends keyof T> = Pick<T, Exclude<keyof T, K>>;
/** All built-in and custom scalars, mapped to their actual values */

export declare type Scalars = {
  ID: string;
  String: string;
  Boolean: boolean;
  Int: number;
  Float: number;
};
export declare type Query = {
  __typename?: 'Query';
  viewer?: Maybe<User>;
};
export declare type User = {
  __typename?: 'User';
  id: Scalars['ID'];
  name: Scalars['String'];
  status: Scalars['String'];
};
export declare type ViewerQueryVariables = Exact<{
  [key: string]: never;
}>;
export declare type ViewerQuery = ({
  __typename?: 'Query';
} & {
  viewer?: Maybe<({
    __typename?: 'User';
  } & Pick<User, 'id' | 'name' | 'status'>)>;
});
export declare const ViewerDocument: import(\\"graphql\\").DocumentNode;
export declare type ViewerComponentProps = Omit<ApolloReactComponents.QueryComponentOptions<ViewerQuery, ViewerQueryVariables>, 'query'>;
export declare const ViewerComponent: (props: ViewerComponentProps) => JSX.Element;
/**
 * __useViewerQuery__
 *
 * To run a query within a React component, call \`useViewerQuery\` and pass it any options that fit your needs.
 * When your component renders, \`useViewerQuery\` returns an object from Apollo Client that contains loading, error, and data properties
 * you can use to render your UI.
 *
 * @param baseOptions options that will be passed into the query, supported options are listed on: https://www.apollographql.com/docs/react/api/react-hooks/#options;
 *
 * @example
 * const { data, loading, error } = useViewerQuery({
 *   variables: {
 *   },
 * });
 */

export declare function useViewerQuery(baseOptions?: ApolloReactHooks.QueryHookOptions<ViewerQuery, ViewerQueryVariables>): ApolloReactCommon.QueryResult<ViewerQuery, Exact<{
  [key: string]: never;
}>>;
export declare function useViewerLazyQuery(baseOptions?: ApolloReactHooks.LazyQueryHookOptions<ViewerQuery, ViewerQueryVariables>): ApolloReactHooks.QueryTuple<ViewerQuery, Exact<{
  [key: string]: never;
}>>;
export declare type ViewerQueryHookResult = ReturnType<typeof useViewerQuery>;
export declare type ViewerLazyQueryHookResult = ReturnType<typeof useViewerLazyQuery>;
export declare type ViewerQueryResult = ApolloReactCommon.QueryResult<ViewerQuery, ViewerQueryVariables>;
export declare type __AllExports = {
  Maybe: Maybe;
  Exact: Exact;
  Omit: Omit;
  Scalars: Scalars;
  Query: Query;
  User: User;
  ViewerQueryVariables: ViewerQueryVariables;
  ViewerQuery: ViewerQuery;
  ViewerDocument: ViewerDocument;
  ViewerComponentProps: ViewerComponentProps;
  ViewerComponent: ViewerComponent;
  useViewerQuery: typeof useViewerQuery;
  useViewerLazyQuery: typeof useViewerLazyQuery;
  ViewerQueryHookResult: ViewerQueryHookResult;
  ViewerLazyQueryHookResult: ViewerLazyQueryHookResult;
  ViewerQueryResult: ViewerQueryResult;
};"
`;

exports[`gql-compile compiles: /Users/soichitakamura/IdeaProjects/graphql-let/test/__fixtures/gql-compile/node_modules/graphql-let/__generated__/pages/index-dd28f9c0ad11900a2654540e86de9cf9fc16f8b4.tsx 1`] = `
"import gql from 'graphql-tag';
import * as React from 'react';
import * as ApolloReactCommon from '@apollo/react-common';
import * as ApolloReactComponents from '@apollo/react-components';
import * as ApolloReactHooks from '@apollo/react-hooks';
export type Maybe<T> = T | null;
export type Exact<T extends { [key: string]: any }> = { [K in keyof T]: T[K] };
export type Omit<T, K extends keyof T> = Pick<T, Exclude<keyof T, K>>;
/** All built-in and custom scalars, mapped to their actual values */
export type Scalars = {
  ID: string;
  String: string;
  Boolean: boolean;
  Int: number;
  Float: number;
};

export type Query = {
  __typename?: 'Query';
  viewer?: Maybe<User>;
};

export type User = {
  __typename?: 'User';
  id: Scalars['ID'];
  name: Scalars['String'];
  status: Scalars['String'];
};

export type ViewerQueryVariables = Exact<{ [key: string]: never; }>;


export type ViewerQuery = (
  { __typename?: 'Query' }
  & { viewer?: Maybe<(
    { __typename?: 'User' }
    & Pick<User, 'id' | 'name' | 'status'>
  )> }
);


export const ViewerDocument = gql\`
    query Viewer {
  viewer {
    id
    name
    status
  }
}
    \`;
export type ViewerComponentProps = Omit<ApolloReactComponents.QueryComponentOptions<ViewerQuery, ViewerQueryVariables>, 'query'>;

    export const ViewerComponent = (props: ViewerComponentProps) => (
      <ApolloReactComponents.Query<ViewerQuery, ViewerQueryVariables> query={ViewerDocument} {...props} />
    );
    

/**
 * __useViewerQuery__
 *
 * To run a query within a React component, call \`useViewerQuery\` and pass it any options that fit your needs.
 * When your component renders, \`useViewerQuery\` returns an object from Apollo Client that contains loading, error, and data properties
 * you can use to render your UI.
 *
 * @param baseOptions options that will be passed into the query, supported options are listed on: https://www.apollographql.com/docs/react/api/react-hooks/#options;
 *
 * @example
 * const { data, loading, error } = useViewerQuery({
 *   variables: {
 *   },
 * });
 */
export function useViewerQuery(baseOptions?: ApolloReactHooks.QueryHookOptions<ViewerQuery, ViewerQueryVariables>) {
        return ApolloReactHooks.useQuery<ViewerQuery, ViewerQueryVariables>(ViewerDocument, baseOptions);
      }
export function useViewerLazyQuery(baseOptions?: ApolloReactHooks.LazyQueryHookOptions<ViewerQuery, ViewerQueryVariables>) {
          return ApolloReactHooks.useLazyQuery<ViewerQuery, ViewerQueryVariables>(ViewerDocument, baseOptions);
        }
export type ViewerQueryHookResult = ReturnType<typeof useViewerQuery>;
export type ViewerLazyQueryHookResult = ReturnType<typeof useViewerLazyQuery>;
export type ViewerQueryResult = ApolloReactCommon.QueryResult<ViewerQuery, ViewerQueryVariables>;"
`;
