// Jest Snapshot v1, https://goo.gl/fbAQLP

exports[`graphql-codegen.ts works: __generated__ 1`] = `
Array [
  "__generated__/pages/viewer.graphql.tsx",
]
`;

exports[`graphql-codegen.ts works: __generated__/pages/viewer.graphql.tsx 1`] = `
"/* xx
 * This file is automatically generated by graphql-let. */

import { gql } from '@apollo/client';
import * as Apollo from '@apollo/client';
export type Maybe<T> = T | null;
export type Exact<T extends { [key: string]: unknown }> = { [K in keyof T]: T[K] };
/** All built-in and custom scalars, mapped to their actual values */
export type Scalars = {
  ID: string;
  String: string;
  Boolean: boolean;
  Int: number;
  Float: number;
};

export type Query = {
  __typename?: 'Query';
  viewer?: Maybe<User>;
};

export type User = {
  __typename?: 'User';
  id: Scalars['ID'];
  name: Scalars['String'];
  status: Scalars['String'];
};

export type ViewerQueryVariables = Exact<{ [key: string]: never; }>;


export type ViewerQuery = (
  { __typename?: 'Query' }
  & { viewer?: Maybe<(
    { __typename?: 'User' }
    & Pick<User, 'id' | 'name' | 'status'>
  )> }
);


export const ViewerDocument = gql\`
    query Viewer {
  viewer {
    id
    name
    status
  }
}
    \`;

/**
 * __useViewerQuery__
 *
 * To run a query within a React component, call \`useViewerQuery\` and pass it any options that fit your needs.
 * When your component renders, \`useViewerQuery\` returns an object from Apollo Client that contains loading, error, and data properties
 * you can use to render your UI.
 *
 * @param baseOptions options that will be passed into the query, supported options are listed on: https://www.apollographql.com/docs/react/api/react-hooks/#options;
 *
 * @example
 * const { data, loading, error } = useViewerQuery({
 *   variables: {
 *   },
 * });
 */
export function useViewerQuery(baseOptions?: Apollo.QueryHookOptions<ViewerQuery, ViewerQueryVariables>) {
        return Apollo.useQuery<ViewerQuery, ViewerQueryVariables>(ViewerDocument, baseOptions);
      }
export function useViewerLazyQuery(baseOptions?: Apollo.LazyQueryHookOptions<ViewerQuery, ViewerQueryVariables>) {
          return Apollo.useLazyQuery<ViewerQuery, ViewerQueryVariables>(ViewerDocument, baseOptions);
        }
export type ViewerQueryHookResult = ReturnType<typeof useViewerQuery>;
export type ViewerLazyQueryHookResult = ReturnType<typeof useViewerLazyQuery>;
export type ViewerQueryResult = Apollo.QueryResult<ViewerQuery, ViewerQueryVariables>;"
`;
